// Jest Snapshot v1, https://goo.gl/fbAQLP

exports[`renders correctly 1`] = `
<View
  style={
    Object {
      "alignItems": "center",
      "backgroundColor": "tomato",
      "flex": 1,
      "justifyContent": "center",
    }
  }
>
  <Text
    style={
      Object {
        "color": "white",
        "fontFamily": "SignatraDEMO",
        "fontSize": 100,
      }
    }
  >
     Rocky! 
  </Text>
</View>
`;
